ðŸŒŸ This was machine generated.  Do not edit. ðŸŒŸ

Frame[0] {}
Name: system
Dimensions: 2 Fields by 3 Rows
+-----------------------+-----------------------------------------+
| Name: load1           | Name: _time                             |
| Labels: host=hostname | Labels:                                 |
| Type: []*float64      | Type: []*time.Time                      |
+-----------------------+-----------------------------------------+
| null                  | 2020-05-05 18:38:50 +0000 UTC           |
| 3.56                  | 2020-05-05 18:39:00 +0000 UTC           |
| null                  | 2020-05-05 19:38:47.207881833 +0000 UTC |
+-----------------------+-----------------------------------------+



Frame[1] 
Name: system
Dimensions: 2 Fields by 4 Rows
+-----------------------+-----------------------------------------+
| Name: load15          | Name: _time                             |
| Labels: host=hostname | Labels:                                 |
| Type: []*float64      | Type: []*time.Time                      |
+-----------------------+-----------------------------------------+
| null                  | 2020-05-05 18:38:50 +0000 UTC           |
| 2.51                  | 2020-05-05 18:39:00 +0000 UTC           |
| 1.74                  | 2020-05-05 19:38:40 +0000 UTC           |
| null                  | 2020-05-05 19:38:47.207881833 +0000 UTC |
+-----------------------+-----------------------------------------+



Frame[2] 
Name: system
Dimensions: 2 Fields by 10 Rows
+-----------------------+-----------------------------------------+
| Name: load5           | Name: _time                             |
| Labels: host=hostname | Labels:                                 |
| Type: []*float64      | Type: []*time.Time                      |
+-----------------------+-----------------------------------------+
| null                  | 2020-05-05 18:38:50 +0000 UTC           |
| 3.14                  | 2020-05-05 18:39:00 +0000 UTC           |
| 3.04                  | 2020-05-05 18:39:10 +0000 UTC           |
| 1.8                   | 2020-05-05 19:37:50 +0000 UTC           |
| 1.76                  | 2020-05-05 19:38:00 +0000 UTC           |
| 1.75                  | 2020-05-05 19:38:10 +0000 UTC           |
| 1.71                  | 2020-05-05 19:38:20 +0000 UTC           |
| 1.77                  | 2020-05-05 19:38:30 +0000 UTC           |
| 1.71                  | 2020-05-05 19:38:40 +0000 UTC           |
| null                  | 2020-05-05 19:38:47.207881833 +0000 UTC |
+-----------------------+-----------------------------------------+


====== TEST DATA RESPONSE (arrow base64) ======
FRAME=QVJST1cxAAD/////wAEAABAAAAAAAAoADgAMAAsABAAKAAAAFAAAAAAAAAEDAAoADAAAAAgABAAKAAAACAAAAHgAAAADAAAAUAAAACgAAAAEAAAA3P7//wgAAAAMAAAAAAAAAAAAAAAFAAAAcmVmSWQAAAD8/v//CAAAABAAAAAGAAAAc3lzdGVtAAAEAAAAbmFtZQAAAAAg////CAAAAAwAAAACAAAAe30AAAQAAABtZXRhAAAAAAIAAAB0AAAABAAAAKb///8UAAAAPAAAADwAAAAAAAoBPAAAAAEAAAAEAAAAbP///wgAAAAQAAAABQAAAF90aW1lAAAABAAAAG5hbWUAAAAAAAAAAFb///8AAAMABQAAAF90aW1lABIAGAAUABMAEgAMAAAACAAEABIAAAAUAAAAeAAAAIAAAAAAAAMBgAAAAAIAAAA0AAAABAAAANz///8IAAAAEAAAAAUAAABsb2FkMQAAAAQAAABuYW1lAAAAAAgADAAIAAQACAAAAAgAAAAcAAAAEwAAAHsiaG9zdCI6Imhvc3RuYW1lIn0ABgAAAGxhYmVscwAAAAAAAAAABgAIAAYABgAAAAAAAgAFAAAAbG9hZDEAAAD/////uAAAABQAAAAAAAAADAAWABQAEwAMAAQADAAAADgAAAAAAAAAFAAAAAAAAAMDAAoAGAAMAAgABAAKAAAAFAAAAFgAAAADAAAAAAAAAAAAAAAEAAAAAAAAAAAAAAAIAAAAAAAAAAgAAAAAAAAAGAAAAAAAAAAgAAAAAAAAAAAAAAAAAAAAIAAAAAAAAAAYAAAAAAAAAAAAAAACAAAAAwAAAAAAAAACAAAAAAAAAAMAAAAAAAAAAAAAAAAAAAACAAAAAAAAAAAAAAAAAAAAexSuR+F6DEAAAAAAAAAAAADE6pjONQwWAKj27NA1DBZpDDcjFDkMFhAAAAAMABQAEgAMAAgABAAMAAAAEAAAACwAAAA8AAAAAAADAAEAAADQAQAAAAAAAMAAAAAAAAAAOAAAAAAAAAAAAAAAAAAAAAAAAAAAAAoADAAAAAgABAAKAAAACAAAAHgAAAADAAAAUAAAACgAAAAEAAAA3P7//wgAAAAMAAAAAAAAAAAAAAAFAAAAcmVmSWQAAAD8/v//CAAAABAAAAAGAAAAc3lzdGVtAAAEAAAAbmFtZQAAAAAg////CAAAAAwAAAACAAAAe30AAAQAAABtZXRhAAAAAAIAAAB0AAAABAAAAKb///8UAAAAPAAAADwAAAAAAAoBPAAAAAEAAAAEAAAAbP///wgAAAAQAAAABQAAAF90aW1lAAAABAAAAG5hbWUAAAAAAAAAAFb///8AAAMABQAAAF90aW1lABIAGAAUABMAEgAMAAAACAAEABIAAAAUAAAAeAAAAIAAAAAAAAMBgAAAAAIAAAA0AAAABAAAANz///8IAAAAEAAAAAUAAABsb2FkMQAAAAQAAABuYW1lAAAAAAgADAAIAAQACAAAAAgAAAAcAAAAEwAAAHsiaG9zdCI6Imhvc3RuYW1lIn0ABgAAAGxhYmVscwAAAAAAAAAABgAIAAYABgAAAAAAAgAFAAAAbG9hZDEAAADwAQAAQVJST1cx
FRAME=QVJST1cxAAD/////oAEAABAAAAAAAAoADgAMAAsABAAKAAAAFAAAAAAAAAEDAAoADAAAAAgABAAKAAAACAAAAFQAAAACAAAAKAAAAAQAAAD8/v//CAAAAAwAAAAAAAAAAAAAAAUAAAByZWZJZAAAABz///8IAAAAEAAAAAYAAABzeXN0ZW0AAAQAAABuYW1lAAAAAAIAAAB0AAAABAAAAKb///8UAAAAPAAAADwAAAAAAAoBPAAAAAEAAAAEAAAAbP///wgAAAAQAAAABQAAAF90aW1lAAAABAAAAG5hbWUAAAAAAAAAAFb///8AAAMABQAAAF90aW1lABIAGAAUABMAEgAMAAAACAAEABIAAAAUAAAAeAAAAIAAAAAAAAMBgAAAAAIAAAA0AAAABAAAANz///8IAAAAEAAAAAYAAABsb2FkMTUAAAQAAABuYW1lAAAAAAgADAAIAAQACAAAAAgAAAAcAAAAEwAAAHsiaG9zdCI6Imhvc3RuYW1lIn0ABgAAAGxhYmVscwAAAAAAAAAABgAIAAYABgAAAAAAAgAGAAAAbG9hZDE1AAAAAAAA/////7gAAAAUAAAAAAAAAAwAFgAUABMADAAEAAwAAABIAAAAAAAAABQAAAAAAAADAwAKABgADAAIAAQACgAAABQAAABYAAAABAAAAAAAAAAAAAAABAAAAAAAAAAAAAAACAAAAAAAAAAIAAAAAAAAACAAAAAAAAAAKAAAAAAAAAAAAAAAAAAAACgAAAAAAAAAIAAAAAAAAAAAAAAAAgAAAAQAAAAAAAAAAgAAAAAAAAAEAAAAAAAAAAAAAAAAAAAABgAAAAAAAAAAAAAAAAAAABSuR+F6FARA16NwPQrX+z8AAAAAAAAAAADE6pjONQwWAKj27NA1DBYAgJd1EjkMFmkMNyMUOQwWEAAAAAwAFAASAAwACAAEAAwAAAAQAAAALAAAADgAAAAAAAMAAQAAALABAAAAAAAAwAAAAAAAAABIAAAAAAAAAAAAAAAAAAAAAAAKAAwAAAAIAAQACgAAAAgAAABUAAAAAgAAACgAAAAEAAAA/P7//wgAAAAMAAAAAAAAAAAAAAAFAAAAcmVmSWQAAAAc////CAAAABAAAAAGAAAAc3lzdGVtAAAEAAAAbmFtZQAAAAACAAAAdAAAAAQAAACm////FAAAADwAAAA8AAAAAAAKATwAAAABAAAABAAAAGz///8IAAAAEAAAAAUAAABfdGltZQAAAAQAAABuYW1lAAAAAAAAAABW////AAADAAUAAABfdGltZQASABgAFAATABIADAAAAAgABAASAAAAFAAAAHgAAACAAAAAAAADAYAAAAACAAAANAAAAAQAAADc////CAAAABAAAAAGAAAAbG9hZDE1AAAEAAAAbmFtZQAAAAAIAAwACAAEAAgAAAAIAAAAHAAAABMAAAB7Imhvc3QiOiJob3N0bmFtZSJ9AAYAAABsYWJlbHMAAAAAAAAAAAYACAAGAAYAAAAAAAIABgAAAGxvYWQxNQAAyAEAAEFSUk9XMQ==
FRAME=QVJST1cxAAD/////oAEAABAAAAAAAAoADgAMAAsABAAKAAAAFAAAAAAAAAEDAAoADAAAAAgABAAKAAAACAAAAFQAAAACAAAAKAAAAAQAAAD8/v//CAAAAAwAAAAAAAAAAAAAAAUAAAByZWZJZAAAABz///8IAAAAEAAAAAYAAABzeXN0ZW0AAAQAAABuYW1lAAAAAAIAAAB0AAAABAAAAKb///8UAAAAPAAAADwAAAAAAAoBPAAAAAEAAAAEAAAAbP///wgAAAAQAAAABQAAAF90aW1lAAAABAAAAG5hbWUAAAAAAAAAAFb///8AAAMABQAAAF90aW1lABIAGAAUABMAEgAMAAAACAAEABIAAAAUAAAAeAAAAIAAAAAAAAMBgAAAAAIAAAA0AAAABAAAANz///8IAAAAEAAAAAUAAABsb2FkNQAAAAQAAABuYW1lAAAAAAgADAAIAAQACAAAAAgAAAAcAAAAEwAAAHsiaG9zdCI6Imhvc3RuYW1lIn0ABgAAAGxhYmVscwAAAAAAAAAABgAIAAYABgAAAAAAAgAFAAAAbG9hZDUAAAAAAAAA/////7gAAAAUAAAAAAAAAAwAFgAUABMADAAEAAwAAACoAAAAAAAAABQAAAAAAAADAwAKABgADAAIAAQACgAAABQAAABYAAAACgAAAAAAAAAAAAAABAAAAAAAAAAAAAAACAAAAAAAAAAIAAAAAAAAAFAAAAAAAAAAWAAAAAAAAAAAAAAAAAAAAFgAAAAAAAAAUAAAAAAAAAAAAAAAAgAAAAoAAAAAAAAAAgAAAAAAAAAKAAAAAAAAAAAAAAAAAAAA/gEAAAAAAAAAAAAAAAAAAB+F61G4HglAUrgehetRCEDNzMzMzMz8Pylcj8L1KPw/AAAAAAAA/D9cj8L1KFz7P1K4HoXrUfw/XI/C9Shc+z8AAAAAAAAAAADE6pjONQwWAKj27NA1DBYAjAJB0zUMFgAMXNEGOQwWAPBnJQk5DBYA1HN5CzkMFgC4f80NOQwWAJyLIRA5DBYAgJd1EjkMFmkMNyMUOQwWEAAAAAwAFAASAAwACAAEAAwAAAAQAAAALAAAADgAAAAAAAMAAQAAALABAAAAAAAAwAAAAAAAAACoAAAAAAAAAAAAAAAAAAAAAAAKAAwAAAAIAAQACgAAAAgAAABUAAAAAgAAACgAAAAEAAAA/P7//wgAAAAMAAAAAAAAAAAAAAAFAAAAcmVmSWQAAAAc////CAAAABAAAAAGAAAAc3lzdGVtAAAEAAAAbmFtZQAAAAACAAAAdAAAAAQAAACm////FAAAADwAAAA8AAAAAAAKATwAAAABAAAABAAAAGz///8IAAAAEAAAAAUAAABfdGltZQAAAAQAAABuYW1lAAAAAAAAAABW////AAADAAUAAABfdGltZQASABgAFAATABIADAAAAAgABAASAAAAFAAAAHgAAACAAAAAAAADAYAAAAACAAAANAAAAAQAAADc////CAAAABAAAAAFAAAAbG9hZDUAAAAEAAAAbmFtZQAAAAAIAAwACAAEAAgAAAAIAAAAHAAAABMAAAB7Imhvc3QiOiJob3N0bmFtZSJ9AAYAAABsYWJlbHMAAAAAAAAAAAYACAAGAAYAAAAAAAIABQAAAGxvYWQ1AAAAyAEAAEFSUk9XMQ==
