ðŸŒŸ This was machine generated.  Do not edit. ðŸŒŸ

Frame[0] 
Name: mixed
Dimensions: 4 Fields by 2 Rows
+---------------+-----------------+-----------------+------------------+
| Name: Field1  | Name: Field2    | Name: Field3    | Name: 123        |
| Labels:       | Labels:         | Labels:         | Labels:          |
| Type: []*bool | Type: []*string | Type: []*string | Type: []*float64 |
+---------------+-----------------+-----------------+------------------+
| true          | Hello           | 6               | null             |
| false         | 6               | World           | 6                |
+---------------+-----------------+-----------------+------------------+


====== TEST DATA RESPONSE (arrow base64) ======
FRAME=QVJST1cxAAD/////IAIAABAAAAAAAAoADgAMAAsABAAKAAAAFAAAAAAAAAEDAAoADAAAAAgABAAKAAAACAAAAFQAAAACAAAAKAAAAAQAAABo/v//CAAAAAwAAAAAAAAAAAAAAAUAAAByZWZJZAAAAIj+//8IAAAAEAAAAAUAAABtaXhlZAAAAAQAAABuYW1lAAAAAAQAAAAwAQAAwAAAAGQAAAAEAAAA8v7//xQAAAA4AAAAQAAAAAAAAwFAAAAAAQAAAAQAAADg/v//CAAAAAwAAAADAAAAMTIzAAQAAABuYW1lAAAAAAAAAAAAAAYACAAGAAYAAAAAAAIAAwAAADEyMwBO////FAAAADwAAAA8AAAAAAAFATgAAAABAAAABAAAADz///8IAAAAEAAAAAYAAABGaWVsZDMAAAQAAABuYW1lAAAAAAAAAAA0////BgAAAEZpZWxkMwAApv///xQAAAA8AAAAPAAAAAAABQE4AAAAAQAAAAQAAACU////CAAAABAAAAAGAAAARmllbGQyAAAEAAAAbmFtZQAAAAAAAAAAjP///wYAAABGaWVsZDIAAAAAEgAYABQAEwASAAwAAAAIAAQAEgAAABQAAABEAAAASAAAAAAABgFEAAAAAQAAAAwAAAAIAAwACAAEAAgAAAAIAAAAEAAAAAYAAABGaWVsZDEAAAQAAABuYW1lAAAAAAAAAAAEAAQABAAAAAYAAABGaWVsZDEAAAAAAAD/////OAEAABQAAAAAAAAADAAWABQAEwAMAAQADAAAAFAAAAAAAAAAFAAAAAAAAAMDAAoAGAAMAAgABAAKAAAAFAAAALgAAAACAAAAAAAAAAAAAAAKAAAAAAAAAAAAAAAAAAAAAAAAAAAAAAAAAAAACAAAAAAAAAAIAAAAAAAAAAAAAAAAAAAACAAAAAAAAAAQAAAAAAAAABgAAAAAAAAACAAAAAAAAAAgAAAAAAAAAAAAAAAAAAAAIAAAAAAAAAAQAAAAAAAAADAAAAAAAAAACAAAAAAAAAA4AAAAAAAAAAgAAAAAAAAAQAAAAAAAAAAQAAAAAAAAAAAAAAAEAAAAAgAAAAAAAAAAAAAAAAAAAAIAAAAAAAAAAAAAAAAAAAACAAAAAAAAAAAAAAAAAAAAAgAAAAAAAAABAAAAAAAAAAEAAAAAAAAAAAAAAAUAAAAGAAAAAAAAAEhlbGxvNgAAAAAAAAEAAAAGAAAAAAAAADZXb3JsZAAAAgAAAAAAAAAAAAAAAAAAAAAAAAAAABhAEAAAAAwAFAASAAwACAAEAAwAAAAQAAAALAAAADgAAAAAAAMAAQAAADACAAAAAAAAQAEAAAAAAABQAAAAAAAAAAAAAAAAAAAAAAAKAAwAAAAIAAQACgAAAAgAAABUAAAAAgAAACgAAAAEAAAAaP7//wgAAAAMAAAAAAAAAAAAAAAFAAAAcmVmSWQAAACI/v//CAAAABAAAAAFAAAAbWl4ZWQAAAAEAAAAbmFtZQAAAAAEAAAAMAEAAMAAAABkAAAABAAAAPL+//8UAAAAOAAAAEAAAAAAAAMBQAAAAAEAAAAEAAAA4P7//wgAAAAMAAAAAwAAADEyMwAEAAAAbmFtZQAAAAAAAAAAAAAGAAgABgAGAAAAAAACAAMAAAAxMjMATv///xQAAAA8AAAAPAAAAAAABQE4AAAAAQAAAAQAAAA8////CAAAABAAAAAGAAAARmllbGQzAAAEAAAAbmFtZQAAAAAAAAAANP///wYAAABGaWVsZDMAAKb///8UAAAAPAAAADwAAAAAAAUBOAAAAAEAAAAEAAAAlP///wgAAAAQAAAABgAAAEZpZWxkMgAABAAAAG5hbWUAAAAAAAAAAIz///8GAAAARmllbGQyAAAAABIAGAAUABMAEgAMAAAACAAEABIAAAAUAAAARAAAAEgAAAAAAAYBRAAAAAEAAAAMAAAACAAMAAgABAAIAAAACAAAABAAAAAGAAAARmllbGQxAAAEAAAAbmFtZQAAAAAAAAAABAAEAAQAAAAGAAAARmllbGQxAABIAgAAQVJST1cx
