ðŸŒŸ This was machine generated.  Do not edit. ðŸŒŸ

Frame[0] 
Name: simple
Dimensions: 5 Fields by 2 Rows
+-----------------+------------------+------------------+------------------+-------------------------------+
| Name: Field1    | Name: Field2     | Name: Field3     | Name: Float      | Name: Time                    |
| Labels:         | Labels:          | Labels:          | Labels:          | Labels:                       |
| Type: []*string | Type: []*float64 | Type: []*float64 | Type: []*float64 | Type: []*time.Time            |
+-----------------+------------------+------------------+------------------+-------------------------------+
| A               | 5                | 6                | 6.7              | 2021-05-25 23:56:40 +0000 UTC |
| B               | 6                | 7                | 8.9              | 2021-05-26 00:13:20 +0000 UTC |
+-----------------+------------------+------------------+------------------+-------------------------------+


====== TEST DATA RESPONSE (arrow base64) ======
FRAME=QVJST1cxAAD/////kAIAABAAAAAAAAoADgAMAAsABAAKAAAAFAAAAAAAAAEDAAoADAAAAAgABAAKAAAACAAAAFQAAAACAAAAKAAAAAQAAAD4/f//CAAAAAwAAAAAAAAAAAAAAAUAAAByZWZJZAAAABj+//8IAAAAEAAAAAYAAABzaW1wbGUAAAQAAABuYW1lAAAAAAUAAACgAQAAJAEAAMQAAABkAAAABAAAAIb+//8UAAAAPAAAADwAAAAAAAoBPAAAAAEAAAAEAAAAdP7//wgAAAAQAAAABAAAAFRpbWUAAAAABAAAAG5hbWUAAAAAAAAAAOr+//8AAAMABAAAAFRpbWUAAAAA4v7//xQAAAA8AAAAPAAAAAAAAwE8AAAAAQAAAAQAAADQ/v//CAAAABAAAAAFAAAARmxvYXQAAAAEAAAAbmFtZQAAAAAAAAAARv///wAAAgAFAAAARmxvYXQAAAA+////FAAAADwAAAA8AAAAAAADATwAAAABAAAABAAAACz///8IAAAAEAAAAAYAAABGaWVsZDMAAAQAAABuYW1lAAAAAAAAAACi////AAACAAYAAABGaWVsZDMAAJr///8UAAAAPAAAAEQAAAAAAAMBRAAAAAEAAAAEAAAAiP///wgAAAAQAAAABgAAAEZpZWxkMgAABAAAAG5hbWUAAAAAAAAAAAAABgAIAAYABgAAAAAAAgAGAAAARmllbGQyAAAAABIAGAAUABMAEgAMAAAACAAEABIAAAAUAAAARAAAAEgAAAAAAAUBRAAAAAEAAAAMAAAACAAMAAgABAAIAAAACAAAABAAAAAGAAAARmllbGQxAAAEAAAAbmFtZQAAAAAAAAAABAAEAAQAAAAGAAAARmllbGQxAAAAAAAA/////1gBAAAUAAAAAAAAAAwAFgAUABMADAAEAAwAAABYAAAAAAAAABQAAAAAAAADAwAKABgADAAIAAQACgAAABQAAADIAAAAAgAAAAAAAAAAAAAACwAAAAAAAAAAAAAAAAAAAAAAAAAAAAAAAAAAABAAAAAAAAAAEAAAAAAAAAAIAAAAAAAAABgAAAAAAAAAAAAAAAAAAAAYAAAAAAAAABAAAAAAAAAAKAAAAAAAAAAAAAAAAAAAACgAAAAAAAAAEAAAAAAAAAA4AAAAAAAAAAAAAAAAAAAAOAAAAAAAAAAQAAAAAAAAAEgAAAAAAAAAAAAAAAAAAABIAAAAAAAAABAAAAAAAAAAAAAAAAUAAAACAAAAAAAAAAAAAAAAAAAAAgAAAAAAAAAAAAAAAAAAAAIAAAAAAAAAAAAAAAAAAAACAAAAAAAAAAAAAAAAAAAAAgAAAAAAAAAAAAAAAAAAAAAAAAABAAAAAgAAAAAAAABBQgAAAAAAAAAAAAAAABRAAAAAAAAAGEAAAAAAAAAYQAAAAAAAABxAzczMzMzMGkDNzMzMzMwhQAAwTTWVdIIWAEDyCX51ghYQAAAADAAUABIADAAIAAQADAAAABAAAAAsAAAAOAAAAAAAAwABAAAAoAIAAAAAAABgAQAAAAAAAFgAAAAAAAAAAAAAAAAAAAAAAAoADAAAAAgABAAKAAAACAAAAFQAAAACAAAAKAAAAAQAAAD4/f//CAAAAAwAAAAAAAAAAAAAAAUAAAByZWZJZAAAABj+//8IAAAAEAAAAAYAAABzaW1wbGUAAAQAAABuYW1lAAAAAAUAAACgAQAAJAEAAMQAAABkAAAABAAAAIb+//8UAAAAPAAAADwAAAAAAAoBPAAAAAEAAAAEAAAAdP7//wgAAAAQAAAABAAAAFRpbWUAAAAABAAAAG5hbWUAAAAAAAAAAOr+//8AAAMABAAAAFRpbWUAAAAA4v7//xQAAAA8AAAAPAAAAAAAAwE8AAAAAQAAAAQAAADQ/v//CAAAABAAAAAFAAAARmxvYXQAAAAEAAAAbmFtZQAAAAAAAAAARv///wAAAgAFAAAARmxvYXQAAAA+////FAAAADwAAAA8AAAAAAADATwAAAABAAAABAAAACz///8IAAAAEAAAAAYAAABGaWVsZDMAAAQAAABuYW1lAAAAAAAAAACi////AAACAAYAAABGaWVsZDMAAJr///8UAAAAPAAAAEQAAAAAAAMBRAAAAAEAAAAEAAAAiP///wgAAAAQAAAABgAAAEZpZWxkMgAABAAAAG5hbWUAAAAAAAAAAAAABgAIAAYABgAAAAAAAgAGAAAARmllbGQyAAAAABIAGAAUABMAEgAMAAAACAAEABIAAAAUAAAARAAAAEgAAAAAAAUBRAAAAAEAAAAMAAAACAAMAAgABAAIAAAACAAAABAAAAAGAAAARmllbGQxAAAEAAAAbmFtZQAAAAAAAAAABAAEAAQAAAAGAAAARmllbGQxAAC4AgAAQVJST1cx
